Product: MDK-ARM Professional 5.10
Component: ARM Compiler 5.04 update 1 (build 49)
Tool: armlink [5040049]

==============================================================================

Section Cross References

    main.o(.text) refers to misc.o(.text) for NVIC_PriorityGroupConfig
    main.o(.text) refers to stm32f10x_rcc.o(.text) for RCC_APB2PeriphClockCmd
    main.o(.text) refers to stm32f10x_gpio.o(.text) for GPIO_PinRemapConfig
    main.o(.text) refers to dfltui.o(.text) for __aeabi_ui2d
    main.o(.text) refers to dmul.o(.text) for __aeabi_dmul
    main.o(.text) refers to dfixui.o(.text) for __aeabi_d2uiz
    main.o(.text) refers to time.o(.text) for DelayMs
    main.o(.text) refers to beep.o(.text) for Beep_Set_Vibration
    main.o(.text) refers to cfg.o(.text) for ModelSave
    main.o(.text) refers to key.o(.text) for KeyScanHandler
    main.o(.text) refers to pmain.o(.text) for BatteryHandler
    main.o(.text) refers to mtimer.o(.text) for TimerProc
    main.o(.text) refers to ptrim.o(.text) for TrimProc
    main.o(.text) refers to ppm_decode.o(.text) for PpmInCtl
    main.o(.text) refers to tx_k8ta.o(.text) for RxK8taUnpacking
    main.o(.text) refers to lcd.o(.text) for LCDHandler
    main.o(.text) refers to adc.o(.text) for ADC1_DMA_Configuration
    main.o(.text) refers to spi.o(.text) for SPI2_Configuration
    main.o(.text) refers to ext_flash.o(.text) for SST25_Init
    main.o(.text) refers to rf_spi.o(.text) for RF_SPI_Configuration
    main.o(.text) refers to tx.o(.text) for TxTimerCfg
    main.o(.text) refers to ff.o(.text) for f_mount
    main.o(.text) refers to hw_config.o(.text) for USB_Interrupts_Config
    main.o(.text) refers to usb_init.o(.text) for USB_Init
    main.o(.text) refers to page.o(.text) for PageAlertModel
    main.o(.text) refers to main.o(.data) for power_div
    main.o(.text) refers to adc.o(.bss) for ADC_AvgValue
    main.o(.text) refers to pmain.o(.data) for TxBatVol
    main.o(.text) refers to cfg.o(.bss) for TxSys
    main.o(.text) refers to mass_mal.o(.data) for Mass_Memory_Size
    main.o(.text) refers to beep.o(.constdata) for MusicStartup
    main.o(.text) refers to mtimer.o(.data) for TxTimer
    main.o(.text) refers to tx.o(.data) for FlyMode
    main.o(.text) refers to mstick.o(.data) for StickValue
    main.o(.text) refers to page.o(.bss) for PageStack
    main.o(.text) refers to page.o(.data) for PageStackIdx
    main.o(.data) refers to main.o(.conststring) for .conststring
    stm32f10x_it.o(.text) refers to usb_int.o(.text) for CTR_HP
    stm32f10x_it.o(.text) refers to usb_istr.o(.text) for USB_Istr
    system_stm32f10x.o(.text) refers to system_stm32f10x.o(.data) for SystemCoreClock
    spi.o(.text) refers to stm32f10x_rcc.o(.text) for RCC_APB2PeriphClockCmd
    spi.o(.text) refers to stm32f10x_gpio.o(.text) for GPIO_Init
    spi.o(.text) refers to stm32f10x_spi.o(.text) for SPI_Init
    ext_flash.o(.text) refers to stm32f10x_gpio.o(.text) for GPIO_ResetBits
    ext_flash.o(.text) refers to spi.o(.text) for SPI2_Write_Byte
    ext_flash.o(.text) refers to ext_flash.o(.bss) for SPI_FLASH_BUF
    time.o(.text) refers to misc.o(.text) for SysTick_CLKSourceConfig
    time.o(.text) refers to dfltui.o(.text) for __aeabi_ui2d
    time.o(.text) refers to ddiv.o(.text) for __aeabi_ddiv
    time.o(.text) refers to dfixui.o(.text) for __aeabi_d2uiz
    time.o(.text) refers to time.o(.bss) for time
    time.o(.text) refers to system_stm32f10x.o(.data) for SystemCoreClock
    beep.o(.text) refers to stm32f10x_rcc.o(.text) for RCC_APB1PeriphClockCmd
    beep.o(.text) refers to stm32f10x_gpio.o(.text) for GPIO_Init
    beep.o(.text) refers to stm32f10x_tim.o(.text) for TIM_TimeBaseInit
    beep.o(.text) refers to time.o(.text) for Time_NowMs
    beep.o(.text) refers to beep.o(.data) for BeepShortCnt
    beep.o(.text) refers to cfg.o(.bss) for TxSys
    beep.o(.text) refers to beep.o(.constdata) for BeepMusicTable
    key.o(.text) refers to stm32f10x_rcc.o(.text) for RCC_APB2PeriphClockCmd
    key.o(.text) refers to stm32f10x_gpio.o(.text) for GPIO_Init
    key.o(.text) refers to time.o(.text) for Time_NowMs
    key.o(.text) refers to beep.o(.text) for BeepShort
    key.o(.text) refers to adc.o(.bss) for ADC_AvgValue
    key.o(.text) refers to cfg.o(.bss) for Model
    key.o(.text) refers to mstick.o(.data) for StickValue
    key.o(.text) refers to key.o(.data) for target
    key.o(.text) refers to lcd.o(.data) for LightStartTmr
    adc.o(.text) refers to stm32f10x_rcc.o(.text) for RCC_APB2PeriphClockCmd
    adc.o(.text) refers to stm32f10x_adc.o(.text) for ADC_DeInit
    adc.o(.text) refers to stm32f10x_gpio.o(.text) for GPIO_Init
    adc.o(.text) refers to stm32f10x_dma.o(.text) for DMA_DeInit
    adc.o(.text) refers to memseta.o(.text) for __aeabi_memclr4
    adc.o(.text) refers to adc.o(.bss) for ADC_ConvertedValue
    cfg.o(.text) refers to memcpya.o(.text) for __aeabi_memcpy4
    cfg.o(.text) refers to flash.o(.text) for STMFLASH_Write
[...]
    PageMenuTrainer                          0x08012c0d   Thumb Code   154  pmenutr.o(.text)
    PageMenuTrChMap                          0x08012cb9   Thumb Code   154  ptrchmap.o(.text)
    PageStkCal                               0x08012d65   Thumb Code   566  pstkcal.o(.text)
    PageEditTime                             0x08012fe9   Thumb Code  1122  pedttime.o(.text)
    PageVirtualSw                            0x08013451   Thumb Code   102  p_virtualsw.o(.text)
    PageAilRudSet                            0x080134c5   Thumb Code   140  p_ailrud.o(.text)
    RF_SPI_Configuration                     0x08013561   Thumb Code   122  rf_spi.o(.text)
    RF_SPI_Write_Byte                        0x080135db   Thumb Code    70  rf_spi.o(.text)
    RF_SPI_Read_Byte                         0x08013621   Thumb Code    62  rf_spi.o(.text)
    PA_TXEN                                  0x0801366d   Thumb Code    24  cc2500.o(.text)
    PA_RXEN                                  0x08013685   Thumb Code    24  cc2500.o(.text)
    PA_OFF                                   0x0801369d   Thumb Code    24  cc2500.o(.text)
    CC2500_Write_Reg                         0x080136b5   Thumb Code    50  cc2500.o(.text)
    CC2500_Read_Reg                          0x080136e7   Thumb Code    54  cc2500.o(.text)
    CC2500_Read_Staus                        0x0801371d   Thumb Code    54  cc2500.o(.text)
    CC2500_Write_Com                         0x08013753   Thumb Code    42  cc2500.o(.text)
    CC2500_Rx_Mode                           0x0801377d   Thumb Code    26  cc2500.o(.text)
    CC2500_Get_RSSI                          0x08013797   Thumb Code    74  cc2500.o(.text)
    CC2500_Reset                             0x080137e1   Thumb Code    26  cc2500.o(.text)
    CC2500_Idle_Mode                         0x080137fb   Thumb Code    10  cc2500.o(.text)
    CC2500_Tx_Mode                           0x08013805   Thumb Code    20  cc2500.o(.text)
    CC2500_Burst_Write_Reg                   0x08013819   Thumb Code    72  cc2500.o(.text)
    CC2500_RFSend_Pac                        0x08013861   Thumb Code    40  cc2500.o(.text)
    CC2500_Burst_Read_Reg                    0x08013889   Thumb Code    72  cc2500.o(.text)
    TxDummy                                  0x080138d9   Thumb Code     4  tx.o(.text)
    TxDummyClose                             0x080138dd   Thumb Code     2  tx.o(.text)
    TxTimerCfg                               0x080138df   Thumb Code   128  tx.o(.text)
    TxTimerStart                             0x0801395f   Thumb Code    54  tx.o(.text)
    TxTimerStop                              0x08013995   Thumb Code    20  tx.o(.text)
    TIM4_IRQHandler                          0x080139a9   Thumb Code    64  tx.o(.text)
    TxProcTimerInit                          0x080139e9   Thumb Code    92  tx.o(.text)
    TxSetCh                                  0x08013a45   Thumb Code   260  tx.o(.text)
    TxMixCurve                               0x08013b49   Thumb Code   114  tx.o(.text)
    TxMixer                                  0x08013bbb   Thumb Code  1804  tx.o(.text)
    TIM1_UP_IRQHandler                       0x080142c7   Thumb Code    38  tx.o(.text)
    TxLoad                                   0x080142ed   Thumb Code   278  tx.o(.text)
    TxBind                                   0x08014403   Thumb Code    22  tx.o(.text)
    TxClose                                  0x08014419   Thumb Code    28  tx.o(.text)
    TxPpmOpen                                0x08014505   Thumb Code    74  tx_ppm.o(.text)
    TxPpmClose                               0x0801454f   Thumb Code    32  tx_ppm.o(.text)
    TxPpmBind                                0x0801456f   Thumb Code     4  tx_ppm.o(.text)
    TxF6tbRfInit                             0x0801458d   Thumb Code   384  tx_f6tb.o(.text)
    TxF6tbClean_CH                           0x0801470d   Thumb Code    54  tx_f6tb.o(.text)
    TxF6tbScan_CH                            0x08014743   Thumb Code    86  tx_f6tb.o(.text)
    TxF6tbBuildId                            0x08014799   Thumb Code    44  tx_f6tb.o(.text)
    TxF6tbBuildBindPacket                    0x080147c5   Thumb Code    30  tx_f6tb.o(.text)
    TxF6tbBuildBeaconPacket                  0x080147e3   Thumb Code    58  tx_f6tb.o(.text)
    TxF6tbBuildDataPacket                    0x0801481d   Thumb Code   170  tx_f6tb.o(.text)
    TxF6tbBuildDummyPacket                   0x080148c7   Thumb Code    26  tx_f6tb.o(.text)
    TxF6tbCallback                           0x080148e1   Thumb Code   262  tx_f6tb.o(.text)
    TxF6tbInit                               0x080149e7   Thumb Code    32  tx_f6tb.o(.text)
    TxF6tbOpen                               0x08014a07   Thumb Code    32  tx_f6tb.o(.text)
    TxF6tbBind                               0x08014a27   Thumb Code    34  tx_f6tb.o(.text)
    TxF6tbClose                              0x08014a49   Thumb Code    12  tx_f6tb.o(.text)
    TxK8taRfInit                             0x08014a89   Thumb Code   384  tx_k8ta.o(.text)
    RxK8taExtiInit                           0x08014c09   Thumb Code   104  tx_k8ta.o(.text)
    RxK8taExtiCtl                            0x08014c71   Thumb Code    88  tx_k8ta.o(.text)
    EXTI9_5_IRQHandler                       0x08014cc9   Thumb Code   216  tx_k8ta.o(.text)
    RxK8taUnpacking                          0x08014da1   Thumb Code   162  tx_k8ta.o(.text)
    TxK8taBuildId                            0x08014e43   Thumb Code    30  tx_k8ta.o(.text)
    RandomSequence                           0x08014e61   Thumb Code    66  tx_k8ta.o(.text)
    TxK8taBuildChTable                       0x08014ea3   Thumb Code   210  tx_k8ta.o(.text)
    TxK8taBuildBindPacket                    0x08014f75   Thumb Code    50  tx_k8ta.o(.text)
    TxK8taBuildDataPacket                    0x08014fa7   Thumb Code   218  tx_k8ta.o(.text)
    TxK8taCallback                           0x08015081   Thumb Code   260  tx_k8ta.o(.text)
    TxK8taInit                               0x08015185   Thumb Code    42  tx_k8ta.o(.text)
    TxK8taOpen                               0x080151af   Thumb Code    32  tx_k8ta.o(.text)
    TxK8taBind                               0x080151cf   Thumb Code    34  tx_k8ta.o(.text)
    TxK8taClose                              0x080151f1   Thumb Code    18  tx_k8ta.o(.text)
    rand                                     0x08015225   Thumb Code    20  rand.o(.text)
    srand                                    0x08015239   Thumb Code     6  rand.o(.text)
    __aeabi_memcpy                           0x08015249   Thumb Code    36  memcpya.o(.text)
    __aeabi_memcpy4                          0x08015249   Thumb Code     0  memcpya.o(.text)
    __aeabi_memcpy8                          0x08015249   Thumb Code     0  memcpya.o(.text)
    __aeabi_memset                           0x0801526d   Thumb Code    14  memseta.o(.text)
    __aeabi_memset4                          0x0801526d   Thumb Code     0  memseta.o(.text)
    __aeabi_memset8                          0x0801526d   Thumb Code     0  memseta.o(.text)
    __aeabi_memclr                           0x0801527b   Thumb Code     4  memseta.o(.text)
    __aeabi_memclr4                          0x0801527b   Thumb Code     0  memseta.o(.text)
    __aeabi_memclr8                          0x0801527b   Thumb Code     0  memseta.o(.text)
    _memset$wrapper                          0x0801527f   Thumb Code    18  memseta.o(.text)
    strcat                                   0x08015291   Thumb Code    24  strcat.o(.text)
    strncpy                                  0x080152a9   Thumb Code    24  strncpy.o(.text)
    strlen                                   0x080152c1   Thumb Code    14  strlen.o(.text)
    strcpy                                   0x080152cf   Thumb Code    18  strcpy.o(.text)
    strncasecmp                              0x080152e1   Thumb Code    50  strncasecmp.o(.text)
    __aeabi_fadd                             0x08015313   Thumb Code   164  fadd.o(.text)
    __aeabi_fsub                             0x080153b7   Thumb Code     6  fadd.o(.text)
    __aeabi_frsub                            0x080153bd   Thumb Code     6  fadd.o(.text)
    __aeabi_fmul                             0x080153c3   Thumb Code   100  fmul.o(.text)
    __aeabi_fdiv                             0x08015427   Thumb Code   124  fdiv.o(.text)
    __aeabi_dmul                             0x080154a3   Thumb Code   228  dmul.o(.text)
    __aeabi_ddiv                             0x08015587   Thumb Code   222  ddiv.o(.text)
    __aeabi_i2f                              0x08015665   Thumb Code    18  fflti.o(.text)
    __aeabi_ui2d                             0x08015677   Thumb Code    26  dfltui.o(.text)
    __aeabi_f2iz                             0x08015691   Thumb Code    50  ffixi.o(.text)
    __aeabi_d2uiz                            0x080156c3   Thumb Code    50  dfixui.o(.text)
    __aeabi_llsr                             0x080156f5   Thumb Code    32  llushr.o(.text)
    _ll_ushift_r                             0x080156f5   Thumb Code     0  llushr.o(.text)
    tolower                                  0x08015715   Thumb Code    12  tolower.o(.text)
    __I$use$fp                               0x08015721   Thumb Code     0  iusefp.o(.text)
    _float_round                             0x08015721   Thumb Code    18  fepilogue.o(.text)
    _float_epilogue                          0x08015733   Thumb Code    92  fepilogue.o(.text)
    _double_round                            0x0801578f   Thumb Code    26  depilogue.o(.text)
    _double_epilogue                         0x080157a9   Thumb Code   156  depilogue.o(.text)
    __scatterload                            0x08015845   Thumb Code    28  init.o(.text)
    __scatterload_rt2                        0x08015845   Thumb Code     0  init.o(.text)
    __aeabi_llsl                             0x08015869   Thumb Code    30  llshl.o(.text)
    _ll_shift_l                              0x08015869   Thumb Code     0  llshl.o(.text)
    __decompress                             0x08015887   Thumb Code     0  __dclz77c.o(.text)
    __decompress2                            0x08015887   Thumb Code    94  __dclz77c.o(.text)
    __scatterload_copy                       0x080158e5   Thumb Code    14  handlers.o(i.__scatterload_copy)
    __scatterload_null                       0x080158f3   Thumb Code     2  handlers.o(i.__scatterload_null)
    __scatterload_zeroinit                   0x080158f5   Thumb Code    14  handlers.o(i.__scatterload_zeroinit)
    BeepMusicTable                           0x08015902   Data          56  beep.o(.constdata)
    MusicStartup                             0x0801593a   Data          40  beep.o(.constdata)
    MusicTrimZero                            0x08015962   Data          16  beep.o(.constdata)
    MusicTrimMax                             0x08015972   Data          16  beep.o(.constdata)
    MusicEnter                               0x08015982   Data          12  beep.o(.constdata)
    MusicBatLow                              0x0801598e   Data          32  beep.o(.constdata)
    MusicTimeout                             0x080159ae   Data          24  beep.o(.constdata)
    TxSysDef                                 0x080159c8   Data          76  cfg.o(.constdata)
    ModelDef                                 0x08015a14   Data         720  cfg.o(.constdata)
    MASS_DeviceDescriptor                    0x08015d04   Data          18  usb_desc.o(.constdata)
    MASS_ConfigDescriptor                    0x08015d16   Data          32  usb_desc.o(.constdata)
    MASS_StringLangID                        0x08015d36   Data           4  usb_desc.o(.constdata)
    MASS_StringVendor                        0x08015d3a   Data          38  usb_desc.o(.constdata)
    MASS_StringProduct                       0x08015d60   Data          32  usb_desc.o(.constdata)
    MASS_StringInterface                     0x08015d80   Data          16  usb_desc.o(.constdata)
    LcdUsbLogo                               0x08015dbc   Data         880  lcd.o(.constdata)
    LcdMiniNum                               0x0801612c   Data         196  lcd.o(.constdata)
    LcdTxRun                                 0x080161f0   Data           7  lcd.o(.constdata)
    LcdClock                                 0x080161f7   Data           7  lcd.o(.constdata)
    LcdThunder                               0x080161fe   Data           7  lcd.o(.constdata)
    LcdArrowFocus                            0x08016205   Data          10  lcd.o(.constdata)
    LcdArrow                                 0x0801620f   Data          10  lcd.o(.constdata)
    LcdValueArrow                            0x08016219   Data          18  lcd.o(.constdata)
    LcdEditArrow                             0x0801622b   Data           6  lcd.o(.constdata)
    LcdRevBarArrow                           0x08016231   Data           6  lcd.o(.constdata)
    StickMap                                 0x08016237   Data          16  mstick.o(.constdata)
    MenuMain                                 0x08016248   Data         256  pmenumain.o(.constdata)
    MenuAeroSet                              0x08016348   Data         352  pmenuaero.o(.constdata)
    MenuHeliSet                              0x080164a8   Data         416  pmenuheli.o(.constdata)
    MenuMod                                  0x08016648   Data         352  pmenumodel.o(.constdata)
    MenuSys                                  0x080167a8   Data         416  pmenusys.o(.constdata)
    MenuBack                                 0x08016948   Data          96  pmenuback.o(.constdata)
    MenuEpaSet                               0x080169a8   Data         672  p_epa.o(.constdata)
    MenuNeuSet                               0x08016c48   Data         352  p_neu.o(.constdata)
    MenuAeroAuxChSet                         0x08016da8   Data         416  p_auxch.o(.constdata)
    MenuHeliAuxChSet                         0x08016f48   Data         224  p_auxch.o(.constdata)
    MenuMixerSet                             0x08017028   Data         256  p_mixer.o(.constdata)
    MenuDeltaSet                             0x08017128   Data         192  p_delta.o(.constdata)
    MenuVtailSet                             0x080171e8   Data         192  p_vtail.o(.constdata)
    MenuFlpAilSet                            0x080172a8   Data         192  p_flpail.o(.constdata)
    MenuThrMixSet                            0x08017368   Data         128  p_thrmix.o(.constdata)
    MenuYawMixSet                            0x080173e8   Data         160  p_yawmix.o(.constdata)
    MenuDelaySet                             0x08017488   Data         352  p_delay.o(.constdata)
    MenuGyroSet                              0x080175e8   Data         160  p_gyro.o(.constdata)
    MenuSwashSet                             0x08017688   Data         160  p_swash.o(.constdata)
    MenuRf                                   0x08017728   Data         160  pmenurf.o(.constdata)
    MenuChMapA                               0x080177c8   Data         352  pchmap.o(.constdata)
    MenuChMapH                               0x08017928   Data         352  pchmap.o(.constdata)
    MenuTimerSet                             0x08017a88   Data         192  ptimerset.o(.constdata)
    MenuSwDef                                0x08017b48   Data         288  pswdef.o(.constdata)
    MenuTrainer                              0x08017c68   Data         128  pmenutr.o(.constdata)
    MenuTrChMap                              0x08017ce8   Data         352  ptrchmap.o(.constdata)
    MenuVirtualSw                            0x08017e48   Data         160  p_virtualsw.o(.constdata)
    MenuAilRudSet                            0x08017ee8   Data         192  p_ailrud.o(.constdata)
    TxModule                                 0x08017fa8   Data          48  tx.o(.constdata)
    Region$$Table$$Base                      0x08019734   Number         0  anon$$obj.o(Region$$Table)
    Region$$Table$$Limit                     0x08019754   Number         0  anon$$obj.o(Region$$Table)
    StickNotCal                              0x20000000   Data           8  main.o(.data)
    CloseIdleMode                            0x20000008   Data           8  main.o(.data)
    ThrNotReset                              0x20000010   Data           8  main.o(.data)
    ParamLoaded                              0x20000018   Data           1  main.o(.data)
    SystemCoreClock                          0x20000020   Data           4  system_stm32f10x.o(.data)
    AHBPrescTable                            0x20000024   Data          16  system_stm32f10x.o(.data)
    pBeepMusic                               0x20000034   Data           4  beep.o(.data)
    KeyDown                                  0x20000040   Data           2  key.o(.data)
    KeyHold                                  0x20000042   Data           2  key.o(.data)
    ZYS_State                                0x20000044   Data           1  key.o(.data)
    SwState                                  0x20000046   Data           2  key.o(.data)
    KeyPressCnt                              0x20000048   Data           2  key.o(.data)
    LoadDefCfg                               0x20000054   Data           8  cfg.o(.data)
    SaveDeviceCfg                            0x2000005c   Data           8  cfg.o(.data)
    CanotOpenTXBIN                           0x20000064   Data           8  cfg.o(.data)
    CanotWriteTXBIN                          0x2000006c   Data           8  cfg.o(.data)
    LoadDefModelCfg                          0x20000074   Data           8  cfg.o(.data)
    SaveModelCfg                             0x2000007c   Data           8  cfg.o(.data)
    CanotOpenModelFile                       0x20000084   Data           8  cfg.o(.data)
    CanotWriteModelFile                      0x2000008c   Data           8  cfg.o(.data)
    ModelCopied                              0x20000094   Data           8  cfg.o(.data)
    TxSysBak                                 0x2000009c   Data           4  cfg.o(.data)
    ModelBak                                 0x200000a0   Data           4  cfg.o(.data)
    StatusInfo                               0x200000ba   Data           2  usb_core.o(.data)
    Data_Mul_MaxPacketSize                   0x200000bc   Data           1  usb_core.o(.data)
    EPindex                                  0x200000c0   Data           1  usb_init.o(.data)
    pInformation                             0x200000c4   Data           4  usb_init.o(.data)
    pProperty                                0x200000c8   Data           4  usb_init.o(.data)
    SaveState                                0x200000cc   Data           2  usb_init.o(.data)
    wInterrupt_Mask                          0x200000ce   Data           2  usb_init.o(.data)
    pUser_Standard_Requests                  0x200000d0   Data           4  usb_init.o(.data)
    SaveRState                               0x200000d4   Data           2  usb_int.o(.data)
    SaveTState                               0x200000d6   Data           2  usb_int.o(.data)
    Mass_Memory_Size                         0x200000d8   Data           8  mass_mal.o(.data)
    Mass_Block_Size                          0x200000e0   Data           8  mass_mal.o(.data)
    Mass_Block_Count                         0x200000e8   Data           8  mass_mal.o(.data)
    Block_Read_count                         0x200000f0   Data           4  memory.o(.data)
    Block_offset                             0x200000f4   Data           4  memory.o(.data)
    Counter                                  0x200000f8   Data           4  memory.o(.data)
    Idx                                      0x200000fc   Data           4  memory.o(.data)
    TransferState                            0x20000100   Data           1  memory.o(.data)
    Page00_Inquiry_Data                      0x20000114   Data           5  scsi_data.o(.data)
    Standard_Inquiry_Data                    0x20000119   Data          36  scsi_data.o(.data)
    Standard_Inquiry_Data2                   0x2000013d   Data          36  scsi_data.o(.data)
    Mode_Sense6_data                         0x20000161   Data           4  scsi_data.o(.data)
    Mode_Sense10_data                        0x20000165   Data           8  scsi_data.o(.data)
    Scsi_Sense_Data                          0x2000016d   Data          18  scsi_data.o(.data)
    ReadCapacity10_Data                      0x2000017f   Data           8  scsi_data.o(.data)
    ReadFormatCapacity_Data                  0x20000187   Data          12  scsi_data.o(.data)
    Bot_State                                0x20000194   Data           1  usb_bot.o(.data)
    Data_Len                                 0x20000196   Data           2  usb_bot.o(.data)
    SCSI_LBA                                 0x20000198   Data           4  usb_bot.o(.data)
    SCSI_BlkLen                              0x2000019c   Data           4  usb_bot.o(.data)
    Usb_Status_Reg                           0x200001a0   Data           1  usb_bot.o(.data)
    MASS_StringSerial                        0x200001a1   Data          26  usb_desc.o(.data)
    wIstr                                    0x200001bc   Data           2  usb_istr.o(.data)
    bIntPackSOF                              0x200001be   Data           1  usb_istr.o(.data)
    pEpInt_IN                                0x200001c0   Data          28  usb_istr.o(.data)
    pEpInt_OUT                               0x200001dc   Data          28  usb_istr.o(.data)
    Max_Lun                                  0x200001f8   Data           4  usb_prop.o(.data)
    Device_Table                             0x200001fc   Data           2  usb_prop.o(.data)
    Device_Property                          0x20000200   Data          48  usb_prop.o(.data)
    User_Standard_Requests                   0x20000230   Data          36  usb_prop.o(.data)
    Device_Descriptor                        0x20000254   Data           8  usb_prop.o(.data)
    Config_Descriptor                        0x2000025c   Data           8  usb_prop.o(.data)
    String_Descriptor                        0x20000264   Data          40  usb_prop.o(.data)
    bDeviceState                             0x2000028c   Data           4  usb_pwr.o(.data)
    fSuspendEnabled                          0x20000290   Data           1  usb_pwr.o(.data)
    ResumeS                                  0x20000291   Data           2  usb_pwr.o(.data)
    FLASH_SECTOR_COUNT                       0x20000294   Data           2  diskio.o(.data)
    LightStartTmr                            0x200002a0   Data           4  lcd.o(.data)
    PageStackIdx                             0x200002ac   Data           1  page.o(.data)
    edit_enable                              0x200002ad   Data           1  page.o(.data)
    LcdBw                                    0x200002ae   Data           1  page.o(.data)
    PageAlertText                            0x200002b0   Data           4  page.o(.data)
    PageAlertDelay                           0x200002b4   Data           4  page.o(.data)
    PageAlertMsg                             0x200002b8   Data           1  page.o(.data)
    PageOptionOnOff                          0x200002bc   Data          16  page.o(.data)
    PageOptionOkExe1                         0x200002cc   Data          24  page.o(.data)
    PageOptionOkExe2                         0x200002e4   Data          16  page.o(.data)
    PageOptionStkType                        0x200002f4   Data          32  page.o(.data)
    PageOptionTxBatType                      0x20000314   Data          24  page.o(.data)
    PageOptionRxBatType                      0x2000032c   Data          32  page.o(.data)
    PageOptionLanguage                       0x2000034c   Data          16  page.o(.data)
    PageOptionModType                        0x2000035c   Data          16  page.o(.data)
    PageOptionSwDef                          0x2000036c   Data          56  page.o(.data)
    PageOptionProtocol                       0x200003a4   Data          32  page.o(.data)
    PageOptionRfPwr                          0x200003c4   Data          64  page.o(.data)
    PageOptionChSelA                         0x20000404   Data          88  page.o(.data)
    PageOptionChSelH                         0x2000045c   Data          88  page.o(.data)
    PageOptionTrChSel                        0x200004b4   Data          88  page.o(.data)
    PageOptionAuxSrc                         0x2000050c   Data          40  page.o(.data)
    PageOptionTmrType                        0x20000534   Data          24  page.o(.data)
    PageOptionTmrSw                          0x2000054c   Data          40  page.o(.data)
    PageOptionSwash                          0x20000574   Data          32  page.o(.data)
    PageOptionLightOff                       0x20000594   Data          56  page.o(.data)
    PageStkCurveTitle                        0x200005cc   Data          72  page.o(.data)
    PageAcroThrCurveTitle                    0x20000614   Data           8  page.o(.data)
    PageHeliThrCurveTitle                    0x2000061c   Data          24  page.o(.data)
    PagePitCurveTitle                        0x20000634   Data          32  page.o(.data)
    PageOptionVirtualSw                      0x20000654   Data          32  page.o(.data)
    Ch1                                      0x20000674   Data           8  page.o(.data)
    Ch2                                      0x2000067c   Data           8  page.o(.data)
    Ch3                                      0x20000684   Data           8  page.o(.data)
    Ch4                                      0x2000068c   Data           8  page.o(.data)
    Ch5                                      0x20000694   Data           8  page.o(.data)
    Ch6                                      0x2000069c   Data           8  page.o(.data)
    Ch7                                      0x200006a4   Data           8  page.o(.data)
    Ch8                                      0x200006ac   Data           8  page.o(.data)
    Ch9                                      0x200006b4   Data           8  page.o(.data)
    Ch10                                     0x200006bc   Data           8  page.o(.data)
    PageMainDrawMask                         0x200006d4   Data           4  pmain.o(.data)
    TxBatVol                                 0x200006d8   Data           2  pmain.o(.data)
    TxBatLowCnt                              0x200006da   Data           2  pmain.o(.data)
    RxBatLowCnt                              0x200006dc   Data           2  pmain.o(.data)
    BatChecked                               0x200006de   Data           1  pmain.o(.data)
    PageMainTimerSel                         0x200006e2   Data           1  pmain.o(.data)
    PageMainTimerCol                         0x200006e3   Data           1  pmain.o(.data)
    PageMainTrimShowCnt                      0x200006f4   Data           4  ptrim.o(.data)
    TxRunTime                                0x200006f8   Data           2  mtimer.o(.data)
    LastCnt                                  0x200006fc   Data           4  mtimer.o(.data)
    TxTimer                                  0x20000700   Data          12  mtimer.o(.data)
    StickRaw                                 0x20000710   Data           8  mstick.o(.data)
    StickCal                                 0x20000718   Data           8  mstick.o(.data)
    StickValue                               0x20000720   Data           8  mstick.o(.data)
    StickTrim                                0x20000728   Data           8  mstick.o(.data)
    TitleFlyDream                            0x20000730   Data           8  pmenumain.o(.data)
    ModelParamSet                            0x20000738   Data           8  pmenumain.o(.data)
    ModelAdvSet                              0x20000740   Data           8  pmenumain.o(.data)
    ControllerSet                            0x20000748   Data           8  pmenumain.o(.data)
    TimerSet                                 0x20000750   Data           8  pmenumain.o(.data)
    ReceiverSet                              0x20000758   Data           8  pmenumain.o(.data)
    Monitor                                  0x20000760   Data           8  pmenumain.o(.data)
    About                                    0x20000768   Data           8  pmenumain.o(.data)
    TitleAeroParamSet                        0x20000778   Data           8  pmenuaero.o(.data)
    NorRevSet                                0x20000780   Data           8  pmenuaero.o(.data)
    EpaSet                                   0x20000788   Data           8  pmenuaero.o(.data)
    NeuSet                                   0x20000790   Data           8  pmenuaero.o(.data)
    StickCurveSet                            0x20000798   Data           8  pmenuaero.o(.data)
    ThrCurveSet                              0x200007a0   Data           8  pmenuaero.o(.data)
    ThrHold                                  0x200007a8   Data           8  pmenuaero.o(.data)
    ViryualSw                                0x200007b0   Data           8  pmenuaero.o(.data)
    AuxSet                                   0x200007b8   Data           8  pmenuaero.o(.data)
    MixerSet                                 0x200007c0   Data           8  pmenuaero.o(.data)
    ServoDelay                               0x200007c8   Data           8  pmenuaero.o(.data)
    TitleHeliParamSet                        0x200007d8   Data           8  pmenuheli.o(.data)
    HeliNorRevSet                            0x200007e0   Data           8  pmenuheli.o(.data)
    HeliEpaSet                               0x200007e8   Data           8  pmenuheli.o(.data)
    HeliNeuSet                               0x200007f0   Data           8  pmenuheli.o(.data)
    HeliGyroSet                              0x200007f8   Data           8  pmenuheli.o(.data)
    HeliStickCurveSet                        0x20000800   Data           8  pmenuheli.o(.data)
    HeliThrCurveSet                          0x20000808   Data           8  pmenuheli.o(.data)
    HeliPitchCurveSet                        0x20000810   Data           8  pmenuheli.o(.data)
    HeliThrHold                              0x20000818   Data           8  pmenuheli.o(.data)
    HeliViryualSw                            0x20000820   Data           8  pmenuheli.o(.data)
    HeliAuxSet                               0x20000828   Data           8  pmenuheli.o(.data)
    HeliSwashMixer                           0x20000830   Data           8  pmenuheli.o(.data)
    HeliServoDelay                           0x20000838   Data           8  pmenuheli.o(.data)
    PageMenuModelReset                       0x20000858   Data           2  pmenumodel.o(.data)
    TitleModelSet                            0x2000085c   Data           8  pmenumodel.o(.data)
    ModelSelect                              0x20000864   Data           8  pmenumodel.o(.data)
    ModelName                                0x2000086c   Data           8  pmenumodel.o(.data)
    ModelType                                0x20000874   Data           8  pmenumodel.o(.data)
    ModelIcon                                0x2000087c   Data           8  pmenumodel.o(.data)
    Copy                                     0x20000884   Data           8  pmenumodel.o(.data)
    RfSet                                    0x2000088c   Data           8  pmenumodel.o(.data)
    ChMap                                    0x20000894   Data           8  pmenumodel.o(.data)
    SwitchSelect                             0x2000089c   Data           8  pmenumodel.o(.data)
    Trainer                                  0x200008a4   Data           8  pmenumodel.o(.data)
    ModelReset                               0x200008ac   Data           8  pmenumodel.o(.data)
    ModelReseted                             0x200008b4   Data           8  pmenumodel.o(.data)
    AllModelReseted                          0x200008bc   Data           8  pmenumodel.o(.data)
    PageMenuSysReset                         0x200008cc   Data           2  pmenusys.o(.data)
    PageMenuSysVol                           0x200008ce   Data           6  pmenusys.o(.data)
    TitleControllerSet                       0x200008d4   Data           8  pmenusys.o(.data)
    TrimStepAdj                              0x200008dc   Data           8  pmenusys.o(.data)
    StickMode                                0x200008e4   Data           8  pmenusys.o(.data)
    StickDeadZone                            0x200008ec   Data           8  pmenusys.o(.data)
    Vibration                                0x200008f4   Data           8  pmenusys.o(.data)
    Sound                                    0x200008fc   Data           8  pmenusys.o(.data)
    KeyVolume                                0x20000904   Data           8  pmenusys.o(.data)
    KeyTone                                  0x2000090c   Data           8  pmenusys.o(.data)
    Backlight                                0x20000914   Data           8  pmenusys.o(.data)
    Contrast                                 0x2000091c   Data           8  pmenusys.o(.data)
    BacklightOff                             0x20000924   Data           8  pmenusys.o(.data)
    BatType                                  0x2000092c   Data           8  pmenusys.o(.data)
    AlarmVoltage                             0x20000934   Data           8  pmenusys.o(.data)
    Language                                 0x2000093c   Data           8  pmenusys.o(.data)
    StickCalibration                         0x20000944   Data           8  pmenusys.o(.data)
    Reset                                    0x2000094c   Data           8  pmenusys.o(.data)
    ControllerReseted                        0x20000954   Data           8  pmenusys.o(.data)
    PageMenuSysRxVol                         0x20000968   Data           6  pmenuback.o(.data)
    TitleReceiverSet                         0x20000970   Data           8  pmenuback.o(.data)
    RxBatType                                0x20000978   Data           8  pmenuback.o(.data)
    RxAlarmVoltage                           0x20000980   Data           8  pmenuback.o(.data)
    FallSave                                 0x20000988   Data           8  pmenuback.o(.data)
    TitleNorRevSet                           0x20000998   Data           8  p_rev.o(.data)
    TitleEpaSet                              0x200009a4   Data           8  p_epa.o(.data)
    Ch1L                                     0x200009ac   Data           8  p_epa.o(.data)
    Ch2L                                     0x200009b4   Data           8  p_epa.o(.data)
    Ch3L                                     0x200009bc   Data           8  p_epa.o(.data)
    Ch4L                                     0x200009c4   Data           8  p_epa.o(.data)
    Ch5L                                     0x200009cc   Data           8  p_epa.o(.data)
    Ch6L                                     0x200009d4   Data           8  p_epa.o(.data)
    Ch7L                                     0x200009dc   Data           8  p_epa.o(.data)
    Ch8L                                     0x200009e4   Data           8  p_epa.o(.data)
    Ch9L                                     0x200009ec   Data           8  p_epa.o(.data)
    Ch10L                                    0x200009f4   Data           8  p_epa.o(.data)
    ChxH                                     0x200009fc   Data           8  p_epa.o(.data)
    TitleNeuSet                              0x20000a0c   Data           8  p_neu.o(.data)
    CurveMaster                              0x20000a1c   Data           1  p_curve.o(.data)
    CurveParamReseted                        0x20000a20   Data           8  p_curve.o(.data)
    PageCurveTitle                           0x20000a28   Data           4  p_curve.o(.data)
    PageCurveCnt                             0x20000a2c   Data           1  p_curve.o(.data)
    PageCurveValue                           0x20000a30   Data           4  p_curve.o(.data)
    TitleAuxSet                              0x20000a4c   Data           8  p_auxch.o(.data)
    GearL                                    0x20000a54   Data           8  p_auxch.o(.data)
    FlapL                                    0x20000a5c   Data           8  p_auxch.o(.data)
    Aux1L                                    0x20000a64   Data           8  p_auxch.o(.data)
    Aux2L                                    0x20000a6c   Data           8  p_auxch.o(.data)
    XxxxM                                    0x20000a74   Data           8  p_auxch.o(.data)
    XxxxH                                    0x20000a7c   Data           8  p_auxch.o(.data)
    MenuAux                                  0x20000a84   Data           4  p_auxch.o(.data)
    MenuMixerDeltaStat                       0x20000a90   Data           6  p_mixer.o(.data)
    MenuMixerVtailStat                       0x20000a96   Data           6  p_mixer.o(.data)
    MenuMixerFlpAilStat                      0x20000a9c   Data           6  p_mixer.o(.data)
    MenuMixerAilRudStat                      0x20000aa2   Data           6  p_mixer.o(.data)
    TitleMixerSet                            0x20000aa8   Data           8  p_mixer.o(.data)
    DeltaSet                                 0x20000ab0   Data           8  p_mixer.o(.data)
    VTailSet                                 0x20000ab8   Data           8  p_mixer.o(.data)
    FlpAilSet                                0x20000ac0   Data           8  p_mixer.o(.data)
    ThrSet                                   0x20000ac8   Data           8  p_mixer.o(.data)
    YawSet                                   0x20000ad0   Data           8  p_mixer.o(.data)
    AilDiffSet                               0x20000ad8   Data           8  p_mixer.o(.data)
    FlapDiffSet                              0x20000ae0   Data           8  p_mixer.o(.data)
    AilRudSet                                0x20000ae8   Data           8  p_mixer.o(.data)
    ButterflySet                             0x20000af0   Data           8  p_mixer.o(.data)
    FreeSet                                  0x20000af8   Data           8  p_mixer.o(.data)
    TitleDeltaMixerSet                       0x20000b08   Data           8  p_delta.o(.data)
    DeltaMixer                               0x20000b10   Data           8  p_delta.o(.data)
    DAil2Ail                                 0x20000b18   Data           8  p_delta.o(.data)
    DEle2Ail                                 0x20000b20   Data           8  p_delta.o(.data)
    DAil2Ele                                 0x20000b28   Data           8  p_delta.o(.data)
    DEle2Ele                                 0x20000b30   Data           8  p_delta.o(.data)
    TitleVTailMixerSet                       0x20000b40   Data           8  p_vtail.o(.data)
    VTailMixer                               0x20000b48   Data           8  p_vtail.o(.data)
    VEle2Ele                                 0x20000b50   Data           8  p_vtail.o(.data)
    VRud2Ele                                 0x20000b58   Data           8  p_vtail.o(.data)
    VEle2Rud                                 0x20000b60   Data           8  p_vtail.o(.data)
    VRud2Rud                                 0x20000b68   Data           8  p_vtail.o(.data)
    TitleFlpAilSet                           0x20000b78   Data           8  p_flpail.o(.data)
    FlpAilMixer                              0x20000b80   Data           8  p_flpail.o(.data)
    Ail2Ail                                  0x20000b88   Data           8  p_flpail.o(.data)
    Ail2Flap                                 0x20000b90   Data           8  p_flpail.o(.data)
    Flap2Ail                                 0x20000b98   Data           8  p_flpail.o(.data)
    Flap2Flap                                0x20000ba0   Data           8  p_flpail.o(.data)
    TitleThrMixerSet                         0x20000bb0   Data           8  p_thrmix.o(.data)
    AntiRoll_Ail                             0x20000bb8   Data           8  p_thrmix.o(.data)
    AntiYaw_Rud                              0x20000bc0   Data           8  p_thrmix.o(.data)
    AntiPitch_Ele                            0x20000bc8   Data           8  p_thrmix.o(.data)
    TitleYawMixerSet                         0x20000bd8   Data           8  p_yawmix.o(.data)
    AilLeft                                  0x20000be0   Data           8  p_yawmix.o(.data)
    RudLeft                                  0x20000be8   Data           8  p_yawmix.o(.data)
    XxxRight                                 0x20000bf0   Data           8  p_yawmix.o(.data)
    TitleServoDelay                          0x20000c00   Data           8  p_delay.o(.data)
    TitleGyroSet                             0x20000c10   Data           8  p_gyro.o(.data)
    Normal                                   0x20000c18   Data           8  p_gyro.o(.data)
    IdleUp1                                  0x20000c20   Data           8  p_gyro.o(.data)
    IdleUp2                                  0x20000c28   Data           8  p_gyro.o(.data)
    Hold                                     0x20000c30   Data           8  p_gyro.o(.data)
    TitleSwashSet                            0x20000c40   Data           8  p_swash.o(.data)
    SwashType                                0x20000c48   Data           8  p_swash.o(.data)
    AilRatio                                 0x20000c50   Data           8  p_swash.o(.data)
    EleRatio                                 0x20000c58   Data           8  p_swash.o(.data)
    PitchRatio                               0x20000c60   Data           8  p_swash.o(.data)
    TitleModelSelect                         0x20000c70   Data           8  pmodelsel.o(.data)
    NoCfgFile                                0x20000c78   Data           8  pmodelsel.o(.data)
    ModelChanged                             0x20000c80   Data           8  pmodelsel.o(.data)
    PageModFileCnt                           0x20000c88   Data           2  pmodelsel.o(.data)
    PageModFileIdx                           0x20000c8a   Data           2  pmodelsel.o(.data)
    PageModFileStart                         0x20000c8c   Data           2  pmodelsel.o(.data)
    TitleModelCopy                           0x20000c94   Data           8  pmodelcopy.o(.data)
    TitleEditModelName                       0x20000cac   Data           8  pedtname.o(.data)
    TitleModelIconSel                        0x20000cb8   Data           8  piconsel.o(.data)
    NoIconFile                               0x20000cc0   Data           8  piconsel.o(.data)
    PageIconFileCnt                          0x20000cc8   Data           2  piconsel.o(.data)
    PageIconFileIdx                          0x20000cca   Data           2  piconsel.o(.data)
    PageIconFileStart                        0x20000ccc   Data           2  piconsel.o(.data)
    PageMenuRfProto                          0x20000cd4   Data           2  pmenurf.o(.data)
    TitleRfSet                               0x20000cd8   Data           8  pmenurf.o(.data)
    PageMenuRfBindTitle                      0x20000ce0   Data           8  pmenurf.o(.data)
    Protocol                                 0x20000ce8   Data           8  pmenurf.o(.data)
    RfPower                                  0x20000cf0   Data           8  pmenurf.o(.data)
    IDCode                                   0x20000cf8   Data           8  pmenurf.o(.data)
    SaveRfCfg                                0x20000d00   Data           8  pmenurf.o(.data)
    EnterBind                                0x20000d08   Data           8  pmenurf.o(.data)
    AutoId                                   0x20000d10   Data           8  pmenurf.o(.data)
    NotSaveRfCfg                             0x20000d18   Data           8  pmenurf.o(.data)
    TitleEditIdCode                          0x20000d28   Data           8  pedtid.o(.data)
    EditAutoId                               0x20000d30   Data           8  pedtid.o(.data)
    PageEditIdBuf                            0x20000d38   Data           7  pedtid.o(.data)
    PageEditIdValue                          0x20000d40   Data           4  pedtid.o(.data)
    PageEditStillSeed                        0x20000d44   Data           1  pedtid.o(.data)
    TitleInBind                              0x20000d54   Data           8  pbind.o(.data)
    PageBindBmpFile                          0x20000d5c   Data          14  pbind.o(.data)
    MenuChMap                                0x20000d7c   Data           4  pchmap.o(.data)
    TitleAeroChMap                           0x20000d80   Data           8  pchmap.o(.data)
    TitleHeliChMap                           0x20000d88   Data           8  pchmap.o(.data)
    PageTimeReset                            0x20000d98   Data           2  ptimerset.o(.data)
    PageAlarmTime                            0x20000d9a   Data           6  ptimerset.o(.data)
    TitleTimerSet                            0x20000da0   Data           8  ptimerset.o(.data)
    TimerMode                                0x20000da8   Data           8  ptimerset.o(.data)
    TimerSwitch                              0x20000db0   Data           8  ptimerset.o(.data)
    ThrPosition                              0x20000db8   Data           8  ptimerset.o(.data)
    AlarmTime                                0x20000dc0   Data           8  ptimerset.o(.data)
    TimeReset                                0x20000dc8   Data           8  ptimerset.o(.data)
    TimeReseted                              0x20000dd0   Data           8  ptimerset.o(.data)
    TitleSwitchDef                           0x20000de0   Data           8  pswdef.o(.data)
    ThrHoldSw                                0x20000de8   Data           8  pswdef.o(.data)
    IdleModeSw                               0x20000df0   Data           8  pswdef.o(.data)
    DRModeSw                                 0x20000df8   Data           8  pswdef.o(.data)
    GearSw                                   0x20000e00   Data           8  pswdef.o(.data)
    FlapSw                                   0x20000e08   Data           8  pswdef.o(.data)
    Aux1Sw                                   0x20000e10   Data           8  pswdef.o(.data)
    Aux2Sw                                   0x20000e18   Data           8  pswdef.o(.data)
    TrainerSw                                0x20000e20   Data           8  pswdef.o(.data)
    TitleTrainerSet                          0x20000e30   Data           8  pmenutr.o(.data)
    PpmIn                                    0x20000e38   Data           8  pmenutr.o(.data)
    PpmMonitor                               0x20000e40   Data           8  pmenutr.o(.data)
    TrainerChMap                             0x20000e48   Data           8  pmenutr.o(.data)
    TitleTrainerChMap                        0x20000e58   Data           8  ptrchmap.o(.data)
    TitleStickCal                            0x20000e68   Data           8  pstkcal.o(.data)
    StickCalStep1                            0x20000e70   Data           8  pstkcal.o(.data)
    StickCalStep2                            0x20000e78   Data           8  pstkcal.o(.data)
    StickCalENT                              0x20000e80   Data           8  pstkcal.o(.data)
    StickCalDone                             0x20000e88   Data           8  pstkcal.o(.data)
    TitleEditTime                            0x20000eac   Data           8  pedttime.o(.data)
    Minute                                   0x20000eb4   Data           1  pedttime.o(.data)
    Second                                   0x20000eb5   Data           1  pedttime.o(.data)
    min                                      0x20000eb6   Data           3  pedttime.o(.data)
    sec                                      0x20000eb9   Data           3  pedttime.o(.data)
    TitleVirtualSw                           0x20000ed0   Data           8  p_virtualsw.o(.data)
    VSEStick                                 0x20000ed8   Data           8  p_virtualsw.o(.data)
    VSFStick                                 0x20000ee0   Data           8  p_virtualsw.o(.data)
    VSXValue                                 0x20000ee8   Data           8  p_virtualsw.o(.data)
    TitleAilRudSet                           0x20000ef8   Data           8  p_ailrud.o(.data)
    AilRudMixer                              0x20000f00   Data           8  p_ailrud.o(.data)
    Ail22Ail                                 0x20000f08   Data           8  p_ailrud.o(.data)
    Ail2Rud                                  0x20000f10   Data           8  p_ailrud.o(.data)
    Rud2Ail                                  0x20000f18   Data           8  p_ailrud.o(.data)
    Rud2Rud                                  0x20000f20   Data           8  p_ailrud.o(.data)
    TxInternalError                          0x20000f30   Data           8  tx.o(.data)
    LoadSuccess                              0x20000f38   Data           8  tx.o(.data)
    RfClosed                                 0x20000f40   Data           8  tx.o(.data)
    LoadFail                                 0x20000f48   Data           8  tx.o(.data)
    RfCloseFail                              0x20000f50   Data           8  tx.o(.data)
    TxRndId                                  0x20000f58   Data           4  tx.o(.data)
    TxValueSum                               0x20000f5c   Data           4  tx.o(.data)
    TxPrevIdx                                0x20000f60   Data           1  tx.o(.data)
    RfPowTable                               0x20000f61   Data           8  tx.o(.data)
    TxTimerCallBackFunc                      0x20000f6c   Data           4  tx.o(.data)
    FlyMode                                  0x20000f70   Data           1  tx.o(.data)
    DrMode                                   0x20000f71   Data           1  tx.o(.data)
    TxPpmPin                                 0x20000f80   Data           1  tx_ppm.o(.data)
    TxPpmIdx                                 0x20000f81   Data           1  tx_ppm.o(.data)
    TxF6tbState                              0x20000f84   Data           1  tx_f6tb.o(.data)
    TxF6TbBindCnt                            0x20000f86   Data           2  tx_f6tb.o(.data)
    f6tb_addr                                0x20000f88   Data           4  tx_f6tb.o(.data)
    RxDataIsReady                            0x20000f90   Data           1  tx_k8ta.o(.data)
    RxBatVol                                 0x20000f92   Data           2  tx_k8ta.o(.data)
    RxRssiValue                              0x20000f94   Data           2  tx_k8ta.o(.data)
    TxK8taState                              0x20000f96   Data           1  tx_k8ta.o(.data)
    TxK8taBindCnt                            0x20000f98   Data           2  tx_k8ta.o(.data)
    TxK8taDataCnt                            0x20000f9a   Data           2  tx_k8ta.o(.data)
    Txk8taDynamicSeed                        0x20000f9c   Data           1  tx_k8ta.o(.data)
    k8ta_addr                                0x20000f9d   Data           4  tx_k8ta.o(.data)
    k8ta_still_channel                       0x20000fa1   Data           8  tx_k8ta.o(.data)
    RxK8taPacketHead                         0x20000fa9   Data           7  tx_k8ta.o(.data)
    SPI_FLASH_BUF                            0x20000fc0   Data        4096  ext_flash.o(.bss)
    ADC_ConvertedValue                       0x20001fd4   Data         220  adc.o(.bss)
    ADC_AvgValue                             0x200020b0   Data          22  adc.o(.bss)
    TxSys                                    0x200020c8   Data          76  cfg.o(.bss)
    Model                                    0x20002114   Data         720  cfg.o(.bss)
    ModelBuf                                 0x200023e4   Data         720  cfg.o(.bss)
    PpmInValue                               0x200026b4   Data          20  ppm_decode.o(.bss)
    Std_PpmInValue                           0x200026c8   Data          20  ppm_decode.o(.bss)
    STMFLASH_BUF                             0x200026dc   Data        1024  flash.o(.bss)
    Device_Info                              0x20002adc   Data          28  usb_init.o(.bss)
    Data_Buffer                              0x20002af8   Data         512  memory.o(.bss)
    Bulk_Data_Buff                           0x20002cf8   Data          64  usb_bot.o(.bss)
    CBW                                      0x20002d38   Data          32  usb_bot.o(.bss)
    CSW                                      0x20002d58   Data          16  usb_bot.o(.bss)
    LCD_RAM                                  0x20002d68   Data        1024  lcd.o(.bss)
    BMP_ROW_BUF                              0x20003390   Data          16  lcd.o(.bss)
    PageStack                                0x200033a0   Data          20  page.o(.bss)
    FlyModeIcon                              0x200033b4   Data         280  pmain.o(.bss)
    PageMenuModelCur                         0x200036f4   Data          10  pmenumodel.o(.bss)
    PageDelayTime                            0x200036fe   Data          50  p_delay.o(.bss)
    PageModFiles                             0x20003730   Data         480  pmodelsel.o(.bss)
    PageModelNo                              0x20003910   Data          10  pmodelcopy.o(.bss)
    PageEditNameBuf                          0x2000391a   Data          10  pedtname.o(.bss)
    PageIconFiles                            0x20003924   Data         260  piconsel.o(.bss)
    TxChValue                                0x20003a5c   Data          20  tx.o(.bss)
    Std_TxChValue                            0x20003a70   Data          20  tx.o(.bss)
    TxPacket                                 0x20003a84   Data          32  tx.o(.bss)
    MixerValue                               0x20003aa4   Data          40  tx.o(.bss)
    f6tb_channel                             0x20003acc   Data          32  tx_f6tb.o(.bss)
    value                                    0x20003aec   Data          16  tx_f6tb.o(.bss)
    TxF6tbPacket                             0x20003afc   Data          17  tx_f6tb.o(.bss)
    k8ta_dynamic_channel                     0x20003b0d   Data          24  tx_k8ta.o(.bss)
    k8ta_channel                             0x20003b25   Data          32  tx_k8ta.o(.bss)
    TxK8taPacket                             0x20003b45   Data          29  tx_k8ta.o(.bss)
    RxK8taPacketData                         0x20003b62   Data          18  tx_k8ta.o(.bss)
    __initial_sp                             0x20004378   Data           0  startup_stm32f10x_md.o(STACK)



==============================================================================

Memory Map of the image

  Image Entry point : 0x080030ed

  Load Region LR_IROM1 (Base: 0x08003000, Size: 0x00017714, Max: 0x00017800, ABSOLUTE, COMPRESSED[0x00016f40])

    Execution Region ER_IROM1 (Base: 0x08003000, Size: 0x00016754, Max: 0x00017800, ABSOLUTE)

    Base Addr    Size         Type   Attr      Idx    E Section Name        Object

    0x08003000   0x000000ec   Data   RO          516    RESET               startup_stm32f10x_md.o
    0x080030ec   0x00000000   Code   RO         2124  * .ARM.Collect$$$$00000000  mc_w.l(entry.o)
    0x080030ec   0x00000004   Code   RO         2164    .ARM.Collect$$$$00000001  mc_w.l(entry2.o)
    0x080030f0   0x00000004   Code   RO         2167    .ARM.Collect$$$$00000004  mc_w.l(entry5.o)
    0x080030f4   0x00000000   Code   RO         2169    .ARM.Collect$$$$00000008  mc_w.l(entry7b.o)
    0x080030f4   0x00000000   Code   RO         2171    .ARM.Collect$$$$0000000A  mc_w.l(entry8b.o)
    0x080030f4   0x00000008   Code   RO         2172    .ARM.Collect$$$$0000000B  mc_w.l(entry9a.o)
    0x080030fc   0x00000000   Code   RO         2174    .ARM.Collect$$$$0000000D  mc_w.l(entry10a.o)
    0x080030fc   0x00000000   Code   RO         2176    .ARM.Collect$$$$0000000F  mc_w.l(entry11a.o)
    0x080030fc   0x00000004   Code   RO         2165    .ARM.Collect$$$$00002712  mc_w.l(entry2.o)
    0x08003100   0x000002e8   Code   RO            1    .text               main.o
    0x080033e8   0x0000002c   Code   RO          204    .text               stm32f10x_it.o
    0x08003414   0x000001e0   Code   RO          219    .text               system_stm32f10x.o
    0x080035f4   0x00000184   Code   RO          237    .text               spi.o
    0x08003778   0x00000498   Code   RO          249    .text               ext_flash.o
    0x08003c10   0x00000140   Code   RO          264    .text               time.o
    0x08003d50   0x0000026c   Code   RO          282    .text               beep.o
    0x08003fbc   0x0000043c   Code   RO          305    .text               key.o
    0x080043f8   0x00000208   Code   RO          320    .text               adc.o
    0x08004600   0x00000314   Code   RO          338    .text               cfg.o
    0x08004914   0x0000010c   Code   RO          466    .text               ppm_decode.o
    0x08004a20   0x00000138   Code   RO          485    .text               flash.o
    0x08004b58   0x00000024   Code   RO          517    .text               startup_stm32f10x_md.o
    0x08004b7c   0x0000035c   Code   RO          521    .text               stm32f10x_gpio.o
    0x08004ed8   0x000003a4   Code   RO          559    .text               stm32f10x_rcc.o
    0x0800527c   0x0000030c   Code   RO          573    .text               stm32f10x_spi.o
    0x08005588   0x00000254   Code   RO          585    .text               stm32f10x_dma.o
    0x080057dc   0x0000044e   Code   RO          597    .text               stm32f10x_adc.o
    0x08005c2a   0x00000002   PAD
    0x08005c2c   0x00000e1a   Code   RO          609    .text               stm32f10x_tim.o
    0x08006a46   0x00000002   PAD
    0x08006a48   0x0000011c   Code   RO          621    .text               stm32f10x_exti.o
    0x08006b64   0x000000dc   Code   RO          633    .text               misc.o
    0x08006c40   0x000005bc   Code   RO          645    .text               stm32f10x_flash.o
    0x080071fc   0x00000b20   Code   RO          657    .text               usb_core.o
    0x08007d1c   0x0000003c   Code   RO          699    .text               usb_init.o
    0x08007d58   0x000003d4   Code   RO          722    .text               usb_int.o
    0x0800812c   0x0000005c   Code   RO          746    .text               usb_mem.o
    0x08008188   0x000007b8   Code   RO          758    .text               usb_regs.o
    0x08008940   0x000000c8   Code   RO          770    .text               hw_config.o
    0x08008a08   0x000000b0   Code   RO          804    .text               mass_mal.o
    0x08008ab8   0x00000240   Code   RO          825    .text               memory.o
    0x08008cf8   0x000004a0   Code   RO          871    .text               usb_bot.o
    0x08009198   0x00000010   Code   RO          901    .text               usb_endp.o
    0x080091a8   0x00000050   Code   RO          920    .text               usb_istr.o
    0x080091f8   0x00000284   Code   RO          938    .text               usb_prop.o
    0x0800947c   0x00000148   Code   RO          965    .text               usb_pwr.o
    0x080095c4   0x0000041c   Code   RO          983    .text               usb_scsi.o
    0x080099e0   0x00000110   Code   RO          996    .text               diskio.o
    0x08009af0   0x00002858   Code   RO         1020    .text               ff.o
    0x0800c348   0x00000f9c   Code   RO         1044    .text               lcd.o
    0x0800d2e4   0x000008c8   Code   RO         1075    .text               page.o
    0x0800dbac   0x00000c94   Code   RO         1115    .text               pmain.o
    0x0800e840   0x000001a8   Code   RO         1139    .text               ptrim.o
    0x0800e9e8   0x000001c4   Code   RO         1158    .text               mtimer.o
    0x0800ebac   0x00000100   Code   RO         1177    .text               mstick.o
    0x0800ecac   0x000000ec   Code   RO         1197    .text               pmenumain.o
    0x0800ed98   0x00000144   Code   RO         1218    .text               pmenuaero.o
    0x0800eedc   0x00000178   Code   RO         1235    .text               pmenuheli.o
    0x0800f054   0x0000033c   Code   RO         1252    .text               pmonitor.o
    0x0800f390   0x000001fc   Code   RO         1269    .text               pmenumodel.o
    0x0800f58c   0x00000244   Code   RO         1287    .text               pmenusys.o
    0x0800f7d0   0x0000011c   Code   RO         1349    .text               pmenuback.o
    0x0800f8ec   0x0000014c   Code   RO         1366    .text               pabout.o
    0x0800fa38   0x00000568   Code   RO         1378    .text               p_rev.o
    0x0800ffa0   0x00000074   Code   RO         1394    .text               p_epa.o
    0x08010014   0x00000074   Code   RO         1411    .text               p_neu.o
    0x08010088   0x00000e98   Code   RO         1428    .text               p_curve.o
    0x08010f20   0x000000a0   Code   RO         1448    .text               p_auxch.o
    0x08010fc0   0x00000128   Code   RO         1465    .text               p_mixer.o
    0x080110e8   0x000000b8   Code   RO         1482    .text               p_delta.o
    0x080111a0   0x000000a8   Code   RO         1499    .text               p_vtail.o
    0x08011248   0x000000a8   Code   RO         1516    .text               p_flpail.o
    0x080112f0   0x00000078   Code   RO         1533    .text               p_thrmix.o
    0x08011368   0x00000064   Code   RO         1550    .text               p_yawmix.o
    0x080113cc   0x000000d8   Code   RO         1567    .text               p_delay.o
    0x080114a4   0x00000074   Code   RO         1585    .text               p_gyro.o
    0x08011518   0x00000074   Code   RO         1602    .text               p_swash.o
    0x0801158c   0x00000364   Code   RO         1619    .text               pmodelsel.o
    0x080118f0   0x00000424   Code   RO         1636    .text               pmodelcopy.o
    0x08011d14   0x00000260   Code   RO         1653    .text               pedtname.o
    0x08011f74   0x000003a8   Code   RO         1670    .text               piconsel.o
    0x0801231c   0x00000214   Code   RO         1687    .text               pmenurf.o
    0x08012530   0x000002e8   Code   RO         1705    .text               pedtid.o
    0x08012818   0x00000138   Code   RO         1725    .text               pbind.o
    0x08012950   0x000000d4   Code   RO         1741    .text               pchmap.o
    0x08012a24   0x00000174   Code   RO         1758    .text               ptimerset.o
    0x08012b98   0x00000074   Code   RO         1775    .text               pswdef.o
    0x08012c0c   0x000000ac   Code   RO         1792    .text               pmenutr.o
    0x08012cb8   0x000000ac   Code   RO         1809    .text               ptrchmap.o
    0x08012d64   0x00000284   Code   RO         1826    .text               pstkcal.o
    0x08012fe8   0x00000468   Code   RO         1842    .text               pedttime.o
    0x08013450   0x00000074   Code   RO         1858    .text               p_virtualsw.o
    0x080134c4   0x0000009c   Code   RO         1875    .text               p_ailrud.o
    0x08013560   0x0000010c   Code   RO         1902    .text               rf_spi.o
    0x0801366c   0x0000026c   Code   RO         1917    .text               cc2500.o
    0x080138d8   0x00000bb8   Code   RO         1932    .text               tx.o
    0x08014490   0x000000fc   Code   RO         1958    .text               tx_ppm.o
    0x0801458c   0x000004fc   Code   RO         1977    .text               RCB6i.lib(tx_f6tb.o)
    0x08014a88   0x0000079c   Code   RO         2100    .text               RCB-OS10.lib(tx_k8ta.o)
    0x08015224   0x00000024   Code   RO         2127    .text               mc_w.l(rand.o)
    0x08015248   0x00000024   Code   RO         2130    .text               mc_w.l(memcpya.o)
    0x0801526c   0x00000024   Code   RO         2132    .text               mc_w.l(memseta.o)
    0x08015290   0x00000018   Code   RO         2134    .text               mc_w.l(strcat.o)
    0x080152a8   0x00000018   Code   RO         2136    .text               mc_w.l(strncpy.o)
    0x080152c0   0x0000000e   Code   RO         2138    .text               mc_w.l(strlen.o)
    0x080152ce   0x00000012   Code   RO         2140    .text               mc_w.l(strcpy.o)
    0x080152e0   0x00000032   Code   RO         2144    .text               mc_w.l(strncasecmp.o)
    0x08015312   0x000000b0   Code   RO         2146    .text               mf_w.l(fadd.o)
    0x080153c2   0x00000064   Code   RO         2148    .text               mf_w.l(fmul.o)
    0x08015426   0x0000007c   Code   RO         2150    .text               mf_w.l(fdiv.o)
    0x080154a2   0x000000e4   Code   RO         2152    .text               mf_w.l(dmul.o)
    0x08015586   0x000000de   Code   RO         2154    .text               mf_w.l(ddiv.o)
    0x08015664   0x00000012   Code   RO         2156    .text               mf_w.l(fflti.o)
    0x08015676   0x0000001a   Code   RO         2158    .text               mf_w.l(dfltui.o)
    0x08015690   0x00000032   Code   RO         2160    .text               mf_w.l(ffixi.o)
    0x080156c2   0x00000032   Code   RO         2162    .text               mf_w.l(dfixui.o)
    0x080156f4   0x00000020   Code   RO         2178    .text               mc_w.l(llushr.o)
    0x08015714   0x0000000c   Code   RO         2180    .text               mc_w.l(tolower.o)
    0x08015720   0x00000000   Code   RO         2182    .text               mc_w.l(iusefp.o)
    0x08015720   0x0000006e   Code   RO         2183    .text               mf_w.l(fepilogue.o)
    0x0801578e   0x000000b6   Code   RO         2185    .text               mf_w.l(depilogue.o)
    0x08015844   0x00000024   Code   RO         2187    .text               mc_w.l(init.o)
    0x08015868   0x0000001e   Code   RO         2189    .text               mc_w.l(llshl.o)
    0x08015886   0x0000005e   Code   RO         2199    .text               mc_w.l(__dclz77c.o)
    0x080158e4   0x0000000e   Code   RO         2193    i.__scatterload_copy  mc_w.l(handlers.o)
    0x080158f2   0x00000002   Code   RO         2194    i.__scatterload_null  mc_w.l(handlers.o)
    0x080158f4   0x0000000e   Code   RO         2195    i.__scatterload_zeroinit  mc_w.l(handlers.o)
    0x08015902   0x000000c4   Data   RO          283    .constdata          beep.o
    0x080159c6   0x00000002   PAD
    0x080159c8   0x0000033c   Data   RO          340    .constdata          cfg.o
    0x08015d04   0x0000008c   Data   RO          888    .constdata          usb_desc.o
    0x08015d90   0x0000002c   Data   RO         1021    .constdata          ff.o
    0x08015dbc   0x0000047b   Data   RO         1046    .constdata          lcd.o
    0x08016237   0x00000010   Data   RO         1178    .constdata          mstick.o
    0x08016247   0x00000001   PAD
    0x08016248   0x00000100   Data   RO         1198    .constdata          pmenumain.o
    0x08016348   0x00000160   Data   RO         1219    .constdata          pmenuaero.o
    0x080164a8   0x000001a0   Data   RO         1236    .constdata          pmenuheli.o
    0x08016648   0x00000160   Data   RO         1271    .constdata          pmenumodel.o
    0x080167a8   0x000001a0   Data   RO         1288    .constdata          pmenusys.o
    0x08016948   0x00000060   Data   RO         1350    .constdata          pmenuback.o
    0x080169a8   0x000002a0   Data   RO         1395    .constdata          p_epa.o
    0x08016c48   0x00000160   Data   RO         1412    .constdata          p_neu.o
    0x08016da8   0x00000280   Data   RO         1449    .constdata          p_auxch.o
    0x08017028   0x00000100   Data   RO         1466    .constdata          p_mixer.o
    0x08017128   0x000000c0   Data   RO         1483    .constdata          p_delta.o
    0x080171e8   0x000000c0   Data   RO         1500    .constdata          p_vtail.o
    0x080172a8   0x000000c0   Data   RO         1517    .constdata          p_flpail.o
    0x08017368   0x00000080   Data   RO         1534    .constdata          p_thrmix.o
    0x080173e8   0x000000a0   Data   RO         1551    .constdata          p_yawmix.o
    0x08017488   0x00000160   Data   RO         1569    .constdata          p_delay.o
    0x080175e8   0x000000a0   Data   RO         1586    .constdata          p_gyro.o
    0x08017688   0x000000a0   Data   RO         1603    .constdata          p_swash.o
    0x08017728   0x000000a0   Data   RO         1688    .constdata          pmenurf.o
    0x080177c8   0x000002c0   Data   RO         1742    .constdata          pchmap.o
    0x08017a88   0x000000c0   Data   RO         1759    .constdata          ptimerset.o
    0x08017b48   0x00000120   Data   RO         1776    .constdata          pswdef.o
    0x08017c68   0x00000080   Data   RO         1793    .constdata          pmenutr.o
    0x08017ce8   0x00000160   Data   RO         1810    .constdata          ptrchmap.o
    0x08017e48   0x000000a0   Data   RO         1859    .constdata          p_virtualsw.o
    0x08017ee8   0x000000c0   Data   RO         1876    .constdata          p_ailrud.o
    0x08017fa8   0x00000030   Data   RO         1934    .constdata          tx.o
    0x08017fd8   0x00000061   Data   RO            2    .conststring        main.o
    0x08018039   0x00000003   PAD
    0x0801803c   0x00000149   Data   RO          341    .conststring        cfg.o
    0x08018185   0x00000003   PAD
    0x08018188   0x0000063b   Data   RO         1077    .conststring        page.o
    0x080187c3   0x00000001   PAD
    0x080187c4   0x000000cd   Data   RO         1199    .conststring        pmenumain.o
    0x08018891   0x00000003   PAD
    0x08018894   0x00000101   Data   RO         1220    .conststring        pmenuaero.o
    0x08018995   0x00000003   PAD
    0x08018998   0x00000063   Data   RO         1237    .conststring        pmenuheli.o
    0x080189fb   0x00000001   PAD
    0x080189fc   0x000000e1   Data   RO         1272    .conststring        pmenumodel.o
    0x08018add   0x00000003   PAD
    0x08018ae0   0x00000199   Data   RO         1289    .conststring        pmenusys.o
    0x08018c79   0x00000003   PAD
    0x08018c7c   0x00000016   Data   RO         1351    .conststring        pmenuback.o
    0x08018c92   0x00000002   PAD
    0x08018c94   0x00000107   Data   RO         1396    .conststring        p_epa.o
    0x08018d9b   0x00000001   PAD
    0x08018d9c   0x00000020   Data   RO         1429    .conststring        p_curve.o
    0x08018dbc   0x00000091   Data   RO         1450    .conststring        p_auxch.o
    0x08018e4d   0x00000003   PAD
    0x08018e50   0x000000f5   Data   RO         1467    .conststring        p_mixer.o
    0x08018f45   0x00000003   PAD
    0x08018f48   0x0000008c   Data   RO         1484    .conststring        p_delta.o
    0x08018fd4   0x00000076   Data   RO         1501    .conststring        p_vtail.o
    0x0801904a   0x00000002   PAD
    0x0801904c   0x0000006a   Data   RO         1518    .conststring        p_flpail.o
    0x080190b6   0x00000002   PAD
    0x080190b8   0x00000062   Data   RO         1535    .conststring        p_thrmix.o
    0x0801911a   0x00000002   PAD
    0x0801911c   0x00000054   Data   RO         1552    .conststring        p_yawmix.o
    0x08019170   0x00000053   Data   RO         1587    .conststring        p_gyro.o
    0x080191c3   0x00000001   PAD
    0x080191c4   0x00000055   Data   RO         1604    .conststring        p_swash.o
    0x08019219   0x00000003   PAD
    0x0801921c   0x00000051   Data   RO         1621    .conststring        pmodelsel.o
    0x0801926d   0x00000003   PAD
    0x08019270   0x0000001d   Data   RO         1655    .conststring        pedtname.o
    0x0801928d   0x00000003   PAD
    0x08019290   0x00000039   Data   RO         1672    .conststring        piconsel.o
    0x080192c9   0x00000003   PAD
    0x080192cc   0x000000a9   Data   RO         1689    .conststring        pmenurf.o
    0x08019375   0x00000003   PAD
    0x08019378   0x00000019   Data   RO         1706    .conststring        pedtid.o
    0x08019391   0x00000003   PAD
    0x08019394   0x00000011   Data   RO         1726    .conststring        pbind.o
    0x080193a5   0x00000003   PAD
    0x080193a8   0x00000037   Data   RO         1743    .conststring        pchmap.o
    0x080193df   0x00000001   PAD
    0x080193e0   0x00000079   Data   RO         1760    .conststring        ptimerset.o
    0x08019459   0x00000003   PAD
    0x0801945c   0x000000b4   Data   RO         1777    .conststring        pswdef.o
    0x08019510   0x00000062   Data   RO         1794    .conststring        pmenutr.o
    0x08019572   0x00000002   PAD
    0x08019574   0x0000008d   Data   RO         1827    .conststring        pstkcal.o
    0x08019601   0x00000003   PAD
    0x08019604   0x00000015   Data   RO         1843    .conststring        pedttime.o
    0x08019619   0x00000003   PAD
    0x0801961c   0x00000046   Data   RO         1860    .conststring        p_virtualsw.o
    0x08019662   0x00000002   PAD
    0x08019664   0x00000048   Data   RO         1877    .conststring        p_ailrud.o
    0x080196ac   0x00000088   Data   RO         1935    .conststring        tx.o
    0x08019734   0x00000020   Data   RO         2191    Region$$Table       anon$$obj.o


    Execution Region RW_IRAM1 (Base: 0x20000000, Size: 0x00004378, Max: 0x00005000, ABSOLUTE, COMPRESSED[0x000007ec])

    Base Addr    Size         Type   Attr      Idx    E Section Name        Object

    0x20000000   0x0000001e   Data   RW            3    .data               main.o
    0x2000001e   0x00000002   PAD
    0x20000020   0x00000014   Data   RW          220    .data               system_stm32f10x.o
    0x20000034   0x0000000c   Data   RW          284    .data               beep.o
    0x20000040   0x00000014   Data   RW          306    .data               key.o
    0x20000054   0x00000050   Data   RW          342    .data               cfg.o
    0x200000a4   0x00000001   Data   RW          468    .data               ppm_decode.o
    0x200000a5   0x00000014   Data   RW          560    .data               stm32f10x_rcc.o
    0x200000b9   0x00000001   PAD
    0x200000ba   0x00000003   Data   RW          658    .data               usb_core.o
    0x200000bd   0x00000003   PAD
    0x200000c0   0x00000014   Data   RW          701    .data               usb_init.o
    0x200000d4   0x00000004   Data   RW          723    .data               usb_int.o
    0x200000d8   0x00000018   Data   RW          805    .data               mass_mal.o
    0x200000f0   0x00000024   Data   RW          827    .data               memory.o
    0x20000114   0x0000007f   Data   RW          859    .data               scsi_data.o
    0x20000193   0x00000001   PAD
    0x20000194   0x0000000d   Data   RW          873    .data               usb_bot.o
    0x200001a1   0x0000001a   Data   RW          889    .data               usb_desc.o
    0x200001bb   0x00000001   PAD
    0x200001bc   0x0000003c   Data   RW          921    .data               usb_istr.o
    0x200001f8   0x00000094   Data   RW          939    .data               usb_prop.o
    0x2000028c   0x00000007   Data   RW          966    .data               usb_pwr.o
    0x20000293   0x00000001   PAD
    0x20000294   0x00000002   Data   RW          997    .data               diskio.o
    0x20000296   0x00000002   PAD
    0x20000298   0x00000006   Data   RW         1022    .data               ff.o
    0x2000029e   0x00000002   PAD
    0x200002a0   0x0000000a   Data   RW         1047    .data               lcd.o
    0x200002aa   0x00000002   PAD
    0x200002ac   0x00000428   Data   RW         1078    .data               page.o
    0x200006d4   0x00000020   Data   RW         1117    .data               pmain.o
    0x200006f4   0x00000004   Data   RW         1140    .data               ptrim.o
    0x200006f8   0x00000018   Data   RW         1159    .data               mtimer.o
    0x20000710   0x00000020   Data   RW         1179    .data               mstick.o
    0x20000730   0x00000046   Data   RW         1200    .data               pmenumain.o
    0x20000776   0x00000002   PAD
    0x20000778   0x0000005e   Data   RW         1221    .data               pmenuaero.o
    0x200007d6   0x00000002   PAD
    0x200007d8   0x0000006e   Data   RW         1238    .data               pmenuheli.o
    0x20000846   0x00000002   PAD
    0x20000848   0x0000000d   Data   RW         1253    .data               pmonitor.o
    0x20000855   0x00000003   PAD
    0x20000858   0x00000072   Data   RW         1273    .data               pmenumodel.o
    0x200008ca   0x00000002   PAD
    0x200008cc   0x0000009a   Data   RW         1290    .data               pmenusys.o
    0x20000966   0x00000002   PAD
    0x20000968   0x0000002e   Data   RW         1352    .data               pmenuback.o
    0x20000996   0x00000002   PAD
    0x20000998   0x0000000a   Data   RW         1380    .data               p_rev.o
    0x200009a2   0x00000002   PAD
    0x200009a4   0x00000066   Data   RW         1397    .data               p_epa.o
    0x20000a0a   0x00000002   PAD
    0x20000a0c   0x0000000e   Data   RW         1414    .data               p_neu.o
    0x20000a1a   0x00000002   PAD
    0x20000a1c   0x0000002d   Data   RW         1430    .data               p_curve.o
    0x20000a49   0x00000003   PAD
    0x20000a4c   0x00000042   Data   RW         1451    .data               p_auxch.o
    0x20000a8e   0x00000002   PAD
    0x20000a90   0x00000076   Data   RW         1468    .data               p_mixer.o
    0x20000b06   0x00000002   PAD
    0x20000b08   0x00000036   Data   RW         1485    .data               p_delta.o
    0x20000b3e   0x00000002   PAD
    0x20000b40   0x00000036   Data   RW         1502    .data               p_vtail.o
    0x20000b76   0x00000002   PAD
    0x20000b78   0x00000036   Data   RW         1519    .data               p_flpail.o
    0x20000bae   0x00000002   PAD
    0x20000bb0   0x00000026   Data   RW         1536    .data               p_thrmix.o
    0x20000bd6   0x00000002   PAD
    0x20000bd8   0x00000026   Data   RW         1553    .data               p_yawmix.o
    0x20000bfe   0x00000002   PAD
    0x20000c00   0x0000000e   Data   RW         1571    .data               p_delay.o
    0x20000c0e   0x00000002   PAD
    0x20000c10   0x0000002e   Data   RW         1588    .data               p_gyro.o
    0x20000c3e   0x00000002   PAD
    0x20000c40   0x0000002e   Data   RW         1605    .data               p_swash.o
    0x20000c6e   0x00000002   PAD
    0x20000c70   0x00000024   Data   RW         1622    .data               pmodelsel.o
    0x20000c94   0x00000015   Data   RW         1639    .data               pmodelcopy.o
    0x20000ca9   0x00000003   PAD
    0x20000cac   0x0000000b   Data   RW         1656    .data               pedtname.o
    0x20000cb7   0x00000001   PAD
    0x20000cb8   0x0000001c   Data   RW         1673    .data               piconsel.o
    0x20000cd4   0x00000053   Data   RW         1690    .data               pmenurf.o
    0x20000d27   0x00000001   PAD
    0x20000d28   0x00000029   Data   RW         1707    .data               pedtid.o
    0x20000d51   0x00000003   PAD
    0x20000d54   0x00000028   Data   RW         1727    .data               pbind.o
    0x20000d7c   0x0000001a   Data   RW         1744    .data               pchmap.o
    0x20000d96   0x00000002   PAD
    0x20000d98   0x00000046   Data   RW         1761    .data               ptimerset.o
    0x20000dde   0x00000002   PAD
    0x20000de0   0x0000004e   Data   RW         1778    .data               pswdef.o
    0x20000e2e   0x00000002   PAD
    0x20000e30   0x00000026   Data   RW         1795    .data               pmenutr.o
    0x20000e56   0x00000002   PAD
    0x20000e58   0x0000000e   Data   RW         1812    .data               ptrchmap.o
    0x20000e66   0x00000002   PAD
    0x20000e68   0x00000042   Data   RW         1828    .data               pstkcal.o
    0x20000eaa   0x00000002   PAD
    0x20000eac   0x00000021   Data   RW         1844    .data               pedttime.o
    0x20000ecd   0x00000003   PAD
    0x20000ed0   0x00000026   Data   RW         1861    .data               p_virtualsw.o
    0x20000ef6   0x00000002   PAD
    0x20000ef8   0x00000036   Data   RW         1878    .data               p_ailrud.o
    0x20000f2e   0x00000002   PAD
    0x20000f30   0x00000050   Data   RW         1936    .data               tx.o
    0x20000f80   0x00000004   Data   RW         1959    .data               tx_ppm.o
    0x20000f84   0x0000000a   Data   RW         1979    .data               RCB6i.lib(tx_f6tb.o)
    0x20000f8e   0x00000002   PAD
    0x20000f90   0x0000002b   Data   RW         2102    .data               RCB-OS10.lib(tx_k8ta.o)
    0x20000fbb   0x00000001   PAD
    0x20000fbc   0x00000004   Data   RW         2128    .data               mc_w.l(rand.o)
    0x20000fc0   0x00001000   Zero   RW          250    .bss                ext_flash.o
    0x20001fc0   0x00000014   Zero   RW          265    .bss                time.o
    0x20001fd4   0x000000f2   Zero   RW          321    .bss                adc.o
    0x200020c6   0x00000002   PAD
    0x200020c8   0x000005ec   Zero   RW          339    .bss                cfg.o
    0x200026b4   0x00000028   Zero   RW          467    .bss                ppm_decode.o
    0x200026dc   0x00000400   Zero   RW          486    .bss                flash.o
    0x20002adc   0x0000001c   Zero   RW          700    .bss                usb_init.o
    0x20002af8   0x00000200   Zero   RW          826    .bss                memory.o
    0x20002cf8   0x00000070   Zero   RW          872    .bss                usb_bot.o
    0x20002d68   0x00000638   Zero   RW         1045    .bss                lcd.o
    0x200033a0   0x00000014   Zero   RW         1076    .bss                page.o
    0x200033b4   0x00000340   Zero   RW         1116    .bss                pmain.o
    0x200036f4   0x0000000a   Zero   RW         1270    .bss                pmenumodel.o
    0x200036fe   0x00000032   Zero   RW         1568    .bss                p_delay.o
    0x20003730   0x000001e0   Zero   RW         1620    .bss                pmodelsel.o
    0x20003910   0x0000000a   Zero   RW         1637    .bss                pmodelcopy.o
    0x2000391a   0x0000000a   Zero   RW         1654    .bss                pedtname.o
    0x20003924   0x00000138   Zero   RW         1671    .bss                piconsel.o
    0x20003a5c   0x00000070   Zero   RW         1933    .bss                tx.o
    0x20003acc   0x00000041   Zero   RW         1978    .bss                RCB6i.lib(tx_f6tb.o)
    0x20003b0d   0x00000067   Zero   RW         2101    .bss                RCB-OS10.lib(tx_k8ta.o)
    0x20003b74   0x00000004   PAD
    0x20003b78   0x00000800   Zero   RW          514    STACK               startup_stm32f10x_md.o


==============================================================================

Image component sizes


      Code (inc. data)   RO Data    RW Data    ZI Data      Debug   Object Name

       520         26          0          0        242       1590   adc.o
       620         38        196         12          0       2652   beep.o
       620          8          0          0          0       3164   cc2500.o
       788         40       1157         80       1516     212370   cfg.o
         0          0          0          0          0         32   core_cm3.o
       272         10          0          2          0       4015   diskio.o
      1176         14          0          0       4096       4392   ext_flash.o
     10328        114         44          6          0      28897   ff.o
       312         10          0          0       1024       2187   flash.o
       200         16          0          0          0       4827   hw_config.o
      1084         78          0         20          0       3696   key.o
      3996        144       1147         10       1592      15338   lcd.o
       744        108         97         30          0     288220   main.o
       176          0          0         24          0       2296   mass_mal.o
       576         64          0         36        512       3116   memory.o
       220         22          0          0          0       1761   misc.o
       256         32         16         32          0       1285   mstick.o
       452         32          0         24          0       4622   mtimer.o
       156         16        264         54          0       1448   p_ailrud.o
       160         26        785         66          0       1539   p_auxch.o
      3736        188         32         45          0       7493   p_curve.o
       216         22        352         14         50       1336   p_delay.o
       184         16        332         54          0       1472   p_delta.o
       116         14        935        102          0       1578   p_epa.o
       168         18        298         54          0       1459   p_flpail.o
       116         14        243         46          0       1337   p_gyro.o
       296         44        501        118          0       2098   p_mixer.o
       116         14        352         14          0       1158   p_neu.o
      1384         32          0         10          0       2201   p_rev.o
       116         14        245         46          0       1371   p_swash.o
       120         14        226         38          0       1364   p_thrmix.o
       116         14        230         38          0       1346   p_virtualsw.o
       168         18        310         54          0       1452   p_vtail.o
       100         12        244         38          0       1318   p_yawmix.o
       332        146          0          0          0        576   pabout.o
      2248         86       1595       1064         20      11058   page.o
       312         38         17         40          0       1501   pbind.o
       212         30        759         26          0       1364   pchmap.o
       744         46         25         41          0       2136   pedtid.o
       608         28         29         11         10       1880   pedtname.o
      1128         66         21         33          0       2009   pedttime.o
       936         60         57         28        312       2113   piconsel.o
      3220        212          0         32        832       5826   pmain.o
       324         52        609         94          0       1865   pmenuaero.o
       284         24        118         46          0       1486   pmenuback.o
       376         62        515        110          0       2009   pmenuheli.o
       236         30        461         70          0       4969   pmenumain.o
       508         62        577        114         10       2204   pmenumodel.o
       532         70        329         83          0       2217   pmenurf.o
       580         46        825        154          0     207426   pmenusys.o
       172         18        226         38          0       1354   pmenutr.o
      1060         68          0         21         10       1825   pmodelcopy.o
       868         40         81         36        480       2165   pmodelsel.o
       828         28          0         13          0       1618   pmonitor.o
       268         16          0          1         40       1468   ppm_decode.o
       644         78        141         66          0       1686   pstkcal.o
       116         14        468         78          0       1523   pswdef.o
       372         40        313         70          0       1758   ptimerset.o
       172         18        352         14          0       1218   ptrchmap.o
       424         36          0          4          0       1444   ptrim.o
       268         14          0          0          0       1010   rf_spi.o
         0          0          0        127          0        998   scsi_data.o
       388         10          0          0          0       1337   spi.o
        36          8        236          0       2048        772   startup_stm32f10x_md.o
      1102         26          0          0          0      10793   stm32f10x_adc.o
       596          8          0          0          0       4290   stm32f10x_dma.o
       284         10          0          0          0       2195   stm32f10x_exti.o
      1468         34          0          0          0       7994   stm32f10x_flash.o
       860         38          0          0          0     220197   stm32f10x_gpio.o
        44          0          0          0          0       1628   stm32f10x_it.o
       932         36          0         20          0       8764   stm32f10x_rcc.o
       780         14          0          0          0       6486   stm32f10x_spi.o
      3610         88          0          0          0      22092   stm32f10x_tim.o
       480         40          0         20          0       1731   system_stm32f10x.o
       320         26          0          0         20      16973   time.o
      3000        202        184         80        112       9617   tx.o
       252         26          0          4          0       1337   tx_ppm.o
      1184         70          0         13        112       2728   usb_bot.o
      2848        112          0          3          0      18151   usb_core.o
         0          0        140         26          0        900   usb_desc.o
        16          0          0          0          0        559   usb_endp.o
        60         24          0         20         28       3874   usb_init.o
       980         32          0          4          0       1760   usb_int.o
        80         18          0         60          0       1176   usb_istr.o
        92          6          0          0          0       1274   usb_mem.o
       644         56          0        148          0       6836   usb_prop.o
       328         22          0          7          0       2473   usb_pwr.o
      1976         26          0          0          0      11521   usb_regs.o
      1052         48          0          0          0       4508   usb_scsi.o

    ----------------------------------------------------------------------
     70796       3640      16190       3972      13068    1255102   Object Totals
         0          0         32          0          0          0   (incl. Generated)
         4          0         74         86          2          0   (incl. Padding)

    ----------------------------------------------------------------------

      Code (inc. data)   RO Data    RW Data    ZI Data      Debug   Library Member Name

      1948        126          0         43        103       6108   tx_k8ta.o
      1276         52          0         10         65     217947   tx_f6tb.o
        94          0          0          0          0          0   __dclz77c.o
         0          0          0          0          0          0   entry.o
         0          0          0          0          0          0   entry10a.o
         0          0          0          0          0          0   entry11a.o
         8          4          0          0          0          0   entry2.o
         4          0          0          0          0          0   entry5.o
         0          0          0          0          0          0   entry7b.o
         0          0          0          0          0          0   entry8b.o
         8          4          0          0          0          0   entry9a.o
        30          0          0          0          0          0   handlers.o
        36          8          0          0          0         68   init.o
         0          0          0          0          0          0   iusefp.o
        30          0          0          0          0         68   llshl.o
        32          0          0          0          0         68   llushr.o
        36          0          0          0          0         68   memcpya.o
        36          0          0          0          0        108   memseta.o
        36         10          0          4          0        136   rand.o
        24          0          0          0          0         68   strcat.o
        18          0          0          0          0         68   strcpy.o
        14          0          0          0          0         68   strlen.o
        50          0          0          0          0         84   strncasecmp.o
        24          0          0          0          0         76   strncpy.o
        12          0          0          0          0         68   tolower.o
       222          0          0          0          0        100   ddiv.o
       182          0          0          0          0        176   depilogue.o
        50          0          0          0          0         76   dfixui.o
        26          0          0          0          0         76   dfltui.o
       228          0          0          0          0         96   dmul.o
       176          0          0          0          0        140   fadd.o
       124          0          0          0          0         88   fdiv.o
       110          0          0          0          0        168   fepilogue.o
        50          0          0          0          0         68   ffixi.o
        18          0          0          0          0         68   fflti.o
       100          0          0          0          0         76   fmul.o

    ----------------------------------------------------------------------
      5002        204          0         60        172     226135   Library Totals
         0          0          0          3          4          0   (incl. Padding)

    ----------------------------------------------------------------------

      Code (inc. data)   RO Data    RW Data    ZI Data      Debug   Library Name

      1948        126          0         43        103       6108   RCB-OS10.lib
      1276         52          0         10         65     217947   RCB6i.lib
       492         26          0          4          0        948   mc_w.l
      1286          0          0          0          0       1132   mf_w.l

    ----------------------------------------------------------------------
      5002        204          0         60        172     226135   Library Totals

    ----------------------------------------------------------------------

==============================================================================


      Code (inc. data)   RO Data    RW Data    ZI Data      Debug   

     75798       3844      16190       4032      13240    1473461   Grand Totals
     75798       3844      16190       2028      13240    1473461   ELF Image Totals (compressed)
     75798       3844      16190       2028          0          0   ROM Totals

==============================================================================

    Total RO  Size (Code + RO Data)                91988 (  89.83kB)
    Total RW  Size (RW Data + ZI Data)             17272 (  16.87kB)
    Total ROM Size (Code + RO Data + RW Data)      94016 (  91.81kB)

==============================================================================

